17:19:51 **** Incremental Build of configuration Debug for project interrupt_io ****
make all 
Building file: ../src/main.c
Invoking: MicroBlaze gcc compiler
mb-gcc -Wall -O0 -g3 -c -fmessage-length=0 -MT"src/main.o" -I/home/gio/uni/aca/fpga/aca_fpga_homework2.1/vitis_workspace/hardware_interrupt/export/hardware_interrupt/sw/hardware_interrupt/standalone_microblaze_0/bspinclude/include -mlittle-endian -mcpu=v11.0 -mxl-soft-mul -Wl,--no-relax -ffunction-sections -fdata-sections -MMD -MP -MF"src/main.d" -MT"src/main.o" -o "src/main.o" "../src/main.c"
Finished building: ../src/main.c
 
Building target: interrupt_io.elf
Invoking: MicroBlaze gcc linker
mb-gcc -Wl,-T -Wl,../src/lscript.ld -L/home/gio/uni/aca/fpga/aca_fpga_homework2.1/vitis_workspace/hardware_interrupt/export/hardware_interrupt/sw/hardware_interrupt/standalone_microblaze_0/bsplib/lib -mlittle-endian -mcpu=v11.0 -mxl-soft-mul -Wl,--no-relax -Wl,--gc-sections -o "interrupt_io.elf" ./src/main.o ./src/platform.o   -Wl,--start-group,-lxil,-lgcc,-lc,--end-group
Finished building target: interrupt_io.elf
 
Invoking: MicroBlaze Print Size
mb-size interrupt_io.elf  |tee "interrupt_io.elf.size"
   text	   data	    bss	    dec	    hex	filename
  17822	   1156	   3494	  22472	   57c8	interrupt_io.elf
Finished building: interrupt_io.elf.size
 

17:19:51 Build Finished (took 217ms)

